// Jest Snapshot v1, https://goo.gl/fbAQLP

exports[`isBlacklisted should mark the email as blacklisted 1`] = `true`;
